 <div data-poly-h="poly-156ixv6">Just a dummy page.</div>