<noscript><a href="&lt;/noscript>&lt;script>throw new Error('fooo')&lt;/script>">test</a></noscript>
