<noscript
	><a href="&lt;/noscript>&lt;script>console.log('should not run')&lt;/script>">test</a></noscript
>
