<div class="poly-bzh57p">red</div>
<div class="poly-4yw8vx">green: foo</div>



<div class="poly-4yw8vx">green: bar</div>


